------- FILE BackgroundColor.s LEVEL 1 PASS 2
      1  101a ????						; in this test program we tested changing the background colour of the vic 20 
      2  101a ????
      3  101a ????				      processor	6502
      4  101a ????						; Memory locations
      5  101a ????
      6  101a ????	       ff d2	   CHROUT     =	$ffd2	; KERNAL routine to output a character
      7  101a ????	       90 0f	   BACKGROUND_COLOR_ADDRESS =	$900F	; Backgrounf color address    
      8  1001					      org	$1001	; Starting memory location
      9  1001
     10  1001							; BASIC stub
     11  1001		       0b 10		      dc.w	nextstmt
     12  1003		       0a 00		      dc.w	10
     13  1005		       9e 34 31 30*	      dc.b	$9e, "4109", 0
     14  100b				   nextstmt
     15  100b		       00 00		      dc.w	0
     16  100d
     17  100d				   START
     18  100d		       a9 93		      lda	#$93
     19  100f		       20 d2 ff 	      jsr	CHROUT	; Clear the screen
     20  1012
     21  1012
     22  1012		       a9 00		      lda	#$00	; Load the color black
     23  1014		       8d 0f 90 	      sta	BACKGROUND_COLOR_ADDRESS	; Store it in the memory
     24  1017
     25  1017				   infinite_loop
     26  1017		       4c 17 10 	      jmp	infinite_loop
